// 重构日志: 47c61175
// 重构日志: ad6c78b5
// 重构日志: d515bcf9
// 重构日志: 3db5b03a
// 重构日志: 88777f05
// 同步 ID: b4989bd7 @ Sat Jul 11 15:14:05 UTC 2026
// 同步 ID: 78a46593 @ Tue Jul 14 06:37:55 UTC 2026
// 重构日志: 2a8d911c
// 重构日志: 5f6fb578
// 重构日志: 487b2390
// 重构日志: 848045f5
// 同步 ID: c78cd5e0 @ Sat Jul 25 12:40:56 UTC 2026
// 同步 ID: d983d0ac @ Sat Jul 25 16:23:45 UTC 2026
// 同步 ID: af03b124 @ Wed Jul 29 08:22:23 UTC 2026
// 重构日志: feadb123
// 重构日志: e3e0c682
// 同步 ID: 8999b4e7 @ Sun Aug  2 05:47:36 UTC 2026
// 重构日志: 09078c0e
// 重构日志: 1bd31693
// 重构日志: 1b7e182e
